<html>
<body>
<pre>
<h1>µVision Build Log</h1>
<h2>Tool Versions:</h2>
IDE-Version: ¦ÌVision V5.25.3.0
Copyright (C) 2018 ARM Ltd and ARM Germany GmbH. All rights reserved.
License Information: 1 1471660178@qq.com, 1, LIC=X96CK-Z3XZ6-74RS0-BXSTS-AWNZ6-L22QW
 
Tool Versions:
Toolchain:       MDK-ARM Plus  Version: 5.18
Toolchain Path:  E:\Keil_v5\ARM\ARMCC\Bin
C Compiler:      Armcc.exe V5.06 update 1 (build 61)
Assembler:       Armasm.exe V5.06 update 1 (build 61)
Linker/Locator:  ArmLink.exe V5.06 update 1 (build 61)
Library Manager: ArmAr.exe V5.06 update 1 (build 61)
Hex Converter:   FromElf.exe V5.06 update 1 (build 61)
CPU DLL:         SARMCM3.DLL V5.18
Dialog DLL:      DCM.DLL V1.13.6.0
Target DLL:      STLink\ST-LINKIII-KEIL_SWO.dll V2.0.18.0
Dialog DLL:      TCM.DLL V1.14.8.0
 
<h2>Project:</h2>
C:\Users\14716\Desktop\Rsim\FW\FreeRTOS_V1.0\Projects\MDK-ARM\atk_f103.uvprojx
Project File Date:  05/29/2024

<h2>Output:</h2>
*** Using Compiler 'V5.06 update 1 (build 61)', folder: 'E:\Keil_v5\ARM\ARMCC\Bin'
Rebuild target 'FreeRTOS'
assembling startup_stm32f103xe.s...
compiling stm32f1xx_it.c...
compiling sys.c...
compiling usart.c...
compiling system_stm32f1xx.c...
compiling stm32f1xx_hal_cortex.c...
compiling stm32f1xx_hal_gpio.c...
compiling stm32f1xx_hal.c...
compiling stm32f1xx_hal_dma.c...
compiling delay.c...
compiling main.c...
compiling freertos_demo.c...
compiling stm32f1xx_hal_pwr.c...
compiling stm32f1xx_hal_uart.c...
compiling stm32f1xx_hal_rcc.c...
compiling stm32f1xx_hal_gpio_ex.c...
compiling stm32f1xx_hal_adc.c...
compiling stm32f1xx_hal_rcc_ex.c...
compiling stm32f1xx_hal_tim_ex.c...
compiling stm32f1xx_hal_spi.c...
compiling stm32f1xx_hal_adc_ex.c...
compiling stm32f1xx_hal_usart.c...
compiling stm32f1xx_hal_tim.c...
compiling led.c...
compiling spi.c...
compiling key.c...
compiling malloc.c...
compiling btim.c...
compiling DAC8550.c...
compiling croutine.c...
compiling event_groups.c...
compiling adc.c...
compiling list.c...
compiling lcd.c...
compiling queue.c...
compiling stream_buffer.c...
compiling heap_4.c...
compiling port.c...
compiling timers.c...
compiling tasks.c...
linking...
Program Size: Code=42908 RO-data=412 RW-data=192 ZI-data=45872  
FromELF: creating hex file...
"..\..\Output\atk_f103.axf" - 0 Error(s), 0 Warning(s).

<h2>Software Packages used:</h2>

Package Vendor: Keil
                https://www.keil.com/pack/Keil.STM32F1xx_DFP.2.4.1.pack
                Keil.STM32F1xx_DFP.2.4.1
                STMicroelectronics STM32F1 Series Device Support, Drivers and Examples

<h2>Collection of Component include folders:</h2>
  .\RTE\_FreeRTOS
  E:\Keil_v5\ARM\PACK\Keil\STM32F1xx_DFP\2.4.1\Device\Include

<h2>Collection of Component Files used:</h2>
Build Time Elapsed:  00:00:15
</pre>
</body>
</html>
